[2026-04-13 11:07:54] [TRACE]   [OmnipathR] Reading JSON from `C:\Users\shuye pu\AppData\Local\Cache\OmnipathR/cache.json` (encoding: UTF-8).
[2026-04-13 11:07:54] [TRACE]   [OmnipathR] JSON validation successful: TRUE
[2026-04-13 11:07:54] [INFO]    [OmnipathR] Initialized cache: `C:\Users\shuye pu\AppData\Local\Cache\OmnipathR`.
[2026-04-13 11:07:54] [INFO]    [OmnipathR] Package `OmnipathR` packaged: 2026-01-30 01:23:45 UTC; biocbuild
[2026-04-13 11:07:54] [INFO]    [OmnipathR] Package `OmnipathR` date/publication: 2026-01-29
[2026-04-13 11:07:54] [INFO]    [OmnipathR] Package `OmnipathR` built: R 4.5.2; ; 2026-04-13 14:53:50 UTC; windows
[2026-04-13 11:07:54] [INFO]    [OmnipathR] Package `OmnipathR` version: 3.18.4
[2026-04-13 11:07:54] [INFO]    [OmnipathR] Package `OmnipathR` repository: Bioconductor 3.22
[2026-04-13 11:07:55] [INFO]    [OmnipathR] Session info: [version=R version 4.5.2 (2025-10-31 ucrt); os=Windows 11 x64 (build 26200); system=x86_64, mingw32; ui=RTerm; language=(EN); collate=English_Canada.utf8; ctype=English_Canada.utf8; tz=America/Toronto; date=2026-04-13; pandoc=3.7.0.2 @ C:/PROGRA~1/Pandoc/ (via rmarkdown); quarto=NA]
[2026-04-13 11:07:55] [INFO]    [OmnipathR] External libraries: [cairo=1.18.4; cairoFT=; pango=; png=1.6.50; jpeg=9.6; tiff=LIBTIFF, Version 4.7.1; tcl=8.6.17; curl=8.16.0; zlib=1.3.1; bzlib=1.0.8, 13-Jul-2019; xz=5.8.1; deflate=1.24; PCRE=10.46 2025-08-27; ICU=77.1; TRE=TRE 0.8.0 R_fixes (BSD); iconv=win_iconv; readline=; BLAS=; lapack=; lapack_version=3.12.1]
[2026-04-13 11:07:55] [INFO]    [OmnipathR] Loaded packages: backports 1.5.1(2026-04-03); BiocParallel 1.44.0(2025-10-29); bit 4.6.0(2025-03-06); bit64 4.6.0-1(2025-01-16); blob 1.3.0(2026-01-14); cachem 1.1.0(2024-05-16); cellranger 1.1.0(2016-07-27); checkmate 2.3.4(2026-02-03); cli 3.6.6(2026-04-09); codetools 0.2-20(2024-03-31); crayon 1.5.3(2024-06-20); curl 7.0.0(2025-08-19); DBI 1.3.0(2026-02-25); decoupleR 2.16.0(2025-10-29); digest 0.6.39(2025-11-19); dplyr 1.2.1(2026-04-03); evaluate 1.0.5(2025-08-27); fastmap 1.2.0(2024-05-15); fs 2.0.1(2026-03-24); generics 0.1.4(2025-05-09); glue 1.8.0(2024-09-30); hms 1.1.4(2025-10-17); htmltools 0.5.9(2025-12-04); httr 1.4.8(2026-02-13); httr2 1.2.2(2025-12-08); igraph 2.2.3(2026-04-07); jsonlite 2.0.0(2025-03-27); knitr 1.51(2025-12-20); later 1.4.8(2026-03-05); lattice 0.22-9(2026-02-09); lifecycle 1.0.5(2026-01-08); logger 0.4.1(2025-09-11); lubridate 1.9.5(2026-02-04); magrittr 2.0.5(2026-04-04); Matrix 1.7-5(2026-03-21); memoise 2.0.1(2021-11-26); OmnipathR 3.18.4(2026-01-29); otel 0.2.0(2025-08-29); parallelly 1.46.1(2026-01-08); pillar 1.11.1(2025-09-17); pkgconfig 2.0.3(2019-09-22); prettyunits 1.2.0(2023-09-24); progress 1.2.3(2023-12-06); purrr 1.2.2(2026-04-10); R.methodsS3 1.8.2(2022-06-13); R.oo 1.27.1(2025-05-02); R.utils 2.13.0(2025-02-24); R6 2.6.1(2025-02-15); rappdirs 0.3.4(2026-01-17); Rcpp 1.1.1(2026-01-10); readr 2.2.0(2026-02-19); readxl 1.4.5(2025-03-07); rlang 1.2.0(2026-04-06); rmarkdown 2.31(2026-03-26); RSQLite 2.4.6(2026-02-06); rvest 1.0.5(2025-08-29); sessioninfo 1.2.3(2025-02-05); stringi 1.8.7(2025-03-27); stringr 1.6.0(2025-11-04); tibble 3.3.1(2026-01-11); tidyr 1.3.2(2025-12-19); tidyselect 1.2.1(2024-03-11); timechange 0.4.0(2026-01-29); tzdb 0.5.0(2025-03-15); vctrs 0.7.3(2026-04-11); withr 3.0.2(2024-10-28); xfun 0.57(2026-03-20); XML 3.99-0.23(2026-03-20); xml2 1.5.2(2026-01-17); yaml 2.3.12(2025-12-10); zip 2.3.3(2025-05-13)
[2026-04-13 11:07:55] [INFO]    [OmnipathR] CURL: version: 8.14.1; headers: 8.14.1; ssl_version: (OpenSSL/3.5.0) Schannel; libz_version: 1.3; libssh_version: libssh2/1.11.0; libidn_version: NA; host: x86_64-w64-mingw32; protocols: dict, file, ftp, ftps, gopher, gophers, http, https, imap, imaps, ldap, ldaps, mqtt, pop3, pop3s, rtsp, scp, sftp, smb, smbs, smtp, smtps, telnet, tftp, ws, wss; ipv6: TRUE; http2: TRUE; idn: TRUE; url_parser: TRUE
[2026-04-13 11:07:55] [TRACE]   [OmnipathR] Reading JSON from `C:/Users/shuye pu/AppData/Local/R/win-library/4.5/OmnipathR/db/db_def.json` (encoding: UTF-8).
[2026-04-13 11:07:55] [TRACE]   [OmnipathR] JSON validation successful: TRUE
[2026-04-13 11:07:55] [TRACE]   [OmnipathR] Reading JSON from `C:/Users/shuye pu/AppData/Local/R/win-library/4.5/OmnipathR/internal/magic_bytes.json` (encoding: UTF-8).
[2026-04-13 11:07:55] [TRACE]   [OmnipathR] JSON validation successful: TRUE
[2026-04-13 11:07:55] [TRACE]   [OmnipathR] Reading JSON from `C:/Users/shuye pu/AppData/Local/R/win-library/4.5/OmnipathR/internal/urls.json` (encoding: UTF-8).
[2026-04-13 11:07:55] [TRACE]   [OmnipathR] JSON validation successful: TRUE
[2026-04-13 11:07:55] [TRACE]   [OmnipathR] Reading JSON from `C:/Users/shuye pu/AppData/Local/R/win-library/4.5/OmnipathR/internal/id_types.json` (encoding: UTF-8).
[2026-04-13 11:07:55] [TRACE]   [OmnipathR] JSON validation successful: TRUE
[2026-04-13 11:07:55] [INFO]    [OmnipathR] Loading database `Ensembl and OMA organism names`.
[2026-04-13 11:07:55] [INFO]    [OmnipathR] Looking up in cache `https://www.ensembl.org/info/about/species.html`: key=7332486db7400730697234bad76ca0c8e4d00799, latest version=1.
[2026-04-13 11:07:55] [TRACE]   [OmnipathR] Cache file path: C:\Users\SHUYEP~1\AppData\Local\Cache\OmnipathR/7332486db7400730697234bad76ca0c8e4d00799-1.html
[2026-04-13 11:07:55] [TRACE]   [OmnipathR] Downloading by `generic_downloader`.
[2026-04-13 11:07:55] [TRACE]   [OmnipathR] Looking up in cache: `https://omabrowser.org/All/oma-species.txt`.
[2026-04-13 11:07:55] [TRACE]   [OmnipathR] Loaded data from RDS `C:\Users\SHUYEP~1\AppData\Local\Cache\OmnipathR/30e690cbb55dfc63b5903ab337f34ffc2f4be397-1.rds`.
[2026-04-13 11:07:55] [TRACE]   [OmnipathR] Downloading by `generic_downloader`.
[2026-04-13 11:07:55] [TRACE]   [OmnipathR] Looking up in cache: `https://ftp.expasy.org/databases/uniprot/current_release/knowledgebase/complete/docs/speclist.txt`.
[2026-04-13 11:07:55] [TRACE]   [OmnipathR] Loaded data from RDS `C:\Users\shuye pu\AppData\Local\Cache\OmnipathR/56ad6544dc07a2222fa6013d8d83e6e5a35fdf33-1.rds`.
[2026-04-13 11:07:55] [INFO]    [OmnipathR] Loaded database `Ensembl and OMA organism names`.
[2026-04-13 11:07:55] [TRACE]   [OmnipathR] Processing args for OmniPath query
[2026-04-13 11:07:55] [TRACE]   [OmnipathR] Arguments for OmniPath query: [loops=TRUE,organisms=9606,genesymbols=TRUE,query_type=interactions,datasets=collectri]
[2026-04-13 11:07:55] [TRACE]   [OmnipathR] Organism(s): 9606
[2026-04-13 11:07:55] [TRACE]   [OmnipathR] Orthology targets: 
[2026-04-13 11:07:55] [TRACE]   [OmnipathR] Looking up in cache: `https://omnipathdb.org/interactions?genesymbols=yes&datasets=collectri&organisms=9606&fields=sources,references,curation_effort&loops=yes&license=academic`
[2026-04-13 11:07:55] [TRACE]   [OmnipathR] Loaded data from RDS `C:\Users\SHUYEP~1\AppData\Local\Cache\OmnipathR/b10176737ba43d460b13709623189f3911123779-1.rds`.
[2026-04-13 11:07:55] [INFO]    [OmnipathR] Loaded from cache: `https://omnipathdb.org/interactions?genesymbols=yes&datasets=collectri&organisms=9606&fields=sources,references,curation_effort&loops=yes&license=academic`
[2026-04-13 11:07:56] [SUCCESS] [OmnipathR] Loaded 64958 interactions from cache.
[2026-04-13 11:07:56] [TRACE]   [OmnipathR] Processing args for OmniPath query
[2026-04-13 11:07:56] [TRACE]   [OmnipathR] Arguments for OmniPath query: [genesymbols=TRUE,resources=CollecTRI,strict_evidences=TRUE,query_type=interactions,datasets=tf_mirna]
[2026-04-13 11:07:56] [TRACE]   [OmnipathR] Organism(s): 9606
[2026-04-13 11:07:56] [TRACE]   [OmnipathR] Orthology targets: 
[2026-04-13 11:07:56] [TRACE]   [OmnipathR] Reading JSON from `https://omnipathdb.org/resources` (encoding: UTF-8).
[2026-04-13 11:07:57] [TRACE]   [OmnipathR] JSON validation successful: TRUE
[2026-04-13 11:07:57] [TRACE]   [OmnipathR] Looking up in cache: `https://omnipathdb.org/interactions?genesymbols=yes&resources=CollecTRI&datasets=tf_mirna&organisms=9606&fields=evidences,sources,references,curation_effort&license=academic`
[2026-04-13 11:07:57] [TRACE]   [OmnipathR] Loaded data from RDS `C:\Users\SHUYEP~1\AppData\Local\Cache\OmnipathR/f7d34500401ba98803b7d2b26c48f64cee1eea1b-1.rds`.
[2026-04-13 11:07:57] [INFO]    [OmnipathR] Loaded from cache: `https://omnipathdb.org/interactions?genesymbols=yes&resources=CollecTRI&datasets=tf_mirna&organisms=9606&fields=evidences,sources,references,curation_effort&license=academic`
[2026-04-13 11:07:57] [TRACE]   [OmnipathR] Converting JSON column `evidences` to list.
[2026-04-13 11:07:57] [TRACE]   [OmnipathR] Restricting interaction records to datasets: tf_mirna; and resources: CollecTRI
[2026-04-13 11:07:57] [TRACE]   [OmnipathR] Filtering evidence columns: positive, negative, directed, undirected; to datasets: tf_mirna; and resources: CollecTRI; excluding resources: none
[2026-04-13 11:07:57] [SUCCESS] [OmnipathR] Loaded 232 interactions from cache.
[2026-04-13 11:11:53] [TRACE]   [OmnipathR] Processing args for OmniPath query
[2026-04-13 11:11:53] [TRACE]   [OmnipathR] Arguments for OmniPath query: [loops=TRUE,organisms=9606,genesymbols=TRUE,query_type=interactions,datasets=collectri]
[2026-04-13 11:11:53] [TRACE]   [OmnipathR] Organism(s): 9606
[2026-04-13 11:11:53] [TRACE]   [OmnipathR] Orthology targets: 
[2026-04-13 11:11:53] [TRACE]   [OmnipathR] Looking up in cache: `https://omnipathdb.org/interactions?genesymbols=yes&datasets=collectri&organisms=9606&fields=sources,references,curation_effort&loops=yes&license=academic`
[2026-04-13 11:11:53] [TRACE]   [OmnipathR] Loaded data from RDS `C:\Users\SHUYEP~1\AppData\Local\Cache\OmnipathR/b10176737ba43d460b13709623189f3911123779-1.rds`.
[2026-04-13 11:11:53] [INFO]    [OmnipathR] Loaded from cache: `https://omnipathdb.org/interactions?genesymbols=yes&datasets=collectri&organisms=9606&fields=sources,references,curation_effort&loops=yes&license=academic`
[2026-04-13 11:11:54] [SUCCESS] [OmnipathR] Loaded 64958 interactions from cache.
[2026-04-13 11:11:54] [TRACE]   [OmnipathR] Processing args for OmniPath query
[2026-04-13 11:11:54] [TRACE]   [OmnipathR] Arguments for OmniPath query: [genesymbols=TRUE,resources=CollecTRI,strict_evidences=TRUE,query_type=interactions,datasets=tf_mirna]
[2026-04-13 11:11:54] [TRACE]   [OmnipathR] Organism(s): 9606
[2026-04-13 11:11:54] [TRACE]   [OmnipathR] Orthology targets: 
[2026-04-13 11:11:54] [TRACE]   [OmnipathR] Reading JSON from `https://omnipathdb.org/resources` (encoding: UTF-8).
[2026-04-13 11:11:55] [TRACE]   [OmnipathR] JSON validation successful: TRUE
[2026-04-13 11:11:55] [TRACE]   [OmnipathR] Looking up in cache: `https://omnipathdb.org/interactions?genesymbols=yes&resources=CollecTRI&datasets=tf_mirna&organisms=9606&fields=evidences,sources,references,curation_effort&license=academic`
[2026-04-13 11:11:55] [TRACE]   [OmnipathR] Loaded data from RDS `C:\Users\SHUYEP~1\AppData\Local\Cache\OmnipathR/f7d34500401ba98803b7d2b26c48f64cee1eea1b-1.rds`.
[2026-04-13 11:11:55] [INFO]    [OmnipathR] Loaded from cache: `https://omnipathdb.org/interactions?genesymbols=yes&resources=CollecTRI&datasets=tf_mirna&organisms=9606&fields=evidences,sources,references,curation_effort&license=academic`
[2026-04-13 11:11:55] [TRACE]   [OmnipathR] Converting JSON column `evidences` to list.
[2026-04-13 11:11:55] [TRACE]   [OmnipathR] Restricting interaction records to datasets: tf_mirna; and resources: CollecTRI
[2026-04-13 11:11:55] [TRACE]   [OmnipathR] Filtering evidence columns: positive, negative, directed, undirected; to datasets: tf_mirna; and resources: CollecTRI; excluding resources: none
[2026-04-13 11:11:55] [SUCCESS] [OmnipathR] Loaded 232 interactions from cache.
