[2026-04-14 14:17:04] [TRACE]   [OmnipathR] Reading JSON from `C:\Users\shuye pu\AppData\Local\Cache\OmnipathR/cache.json` (encoding: UTF-8).
[2026-04-14 14:17:04] [TRACE]   [OmnipathR] JSON validation successful: TRUE
[2026-04-14 14:17:04] [INFO]    [OmnipathR] Initialized cache: `C:\Users\shuye pu\AppData\Local\Cache\OmnipathR`.
[2026-04-14 14:17:04] [INFO]    [OmnipathR] Package `OmnipathR` packaged: 2026-01-30 01:23:45 UTC; biocbuild
[2026-04-14 14:17:04] [INFO]    [OmnipathR] Package `OmnipathR` date/publication: 2026-01-29
[2026-04-14 14:17:04] [INFO]    [OmnipathR] Package `OmnipathR` built: R 4.5.2; ; 2026-04-13 14:53:50 UTC; windows
[2026-04-14 14:17:04] [INFO]    [OmnipathR] Package `OmnipathR` version: 3.18.4
[2026-04-14 14:17:04] [INFO]    [OmnipathR] Package `OmnipathR` repository: Bioconductor 3.22
[2026-04-14 14:17:06] [INFO]    [OmnipathR] Session info: [version=R version 4.5.2 (2025-10-31 ucrt); os=Windows 11 x64 (build 26200); system=x86_64, mingw32; ui=RTerm; language=(EN); collate=English_Canada.utf8; ctype=English_Canada.utf8; tz=America/Toronto; date=2026-04-14; pandoc=3.7.0.2 @ C:/PROGRA~1/Pandoc/ (via rmarkdown); quarto=NA]
[2026-04-14 14:17:07] [INFO]    [OmnipathR] External libraries: [cairo=1.18.4; cairoFT=; pango=; png=1.6.50; jpeg=9.6; tiff=LIBTIFF, Version 4.7.1; tcl=8.6.17; curl=8.16.0; zlib=1.3.1; bzlib=1.0.8, 13-Jul-2019; xz=5.8.1; deflate=1.24; PCRE=10.46 2025-08-27; ICU=77.1; TRE=TRE 0.8.0 R_fixes (BSD); iconv=win_iconv; readline=; BLAS=; lapack=; lapack_version=3.12.1]
[2026-04-14 14:17:07] [INFO]    [OmnipathR] Loaded packages: abind 1.4-8(2024-09-12); AnnotationDbi 1.72.0(2025-10-29); backports 1.5.1(2026-04-03); base64enc 0.1-6(2026-02-02); Biobase 2.70.0(2025-10-29); BiocFileCache 3.0.0(2025-10-29); BiocGenerics 0.56.0(2025-10-29); BiocIO 1.20.0(2025-10-29); BiocParallel 1.44.0(2025-10-29); biomaRt 2.66.2(2026-03-13); Biostrings 2.78.0(2025-10-29); bit 4.6.0(2025-03-06); bit64 4.6.0-1(2025-01-16); bitops 1.0-9(2024-10-03); blob 1.3.0(2026-01-14); cachem 1.1.0(2024-05-16); cellranger 1.1.0(2016-07-27); checkmate 2.3.4(2026-02-03); chron 2.3-62(2024-12-31); cigarillo 1.0.0(2025-10-29); class 7.3-23(2025-01-01); cli 3.6.6(2026-04-09); cluster 2.1.8.2(2026-02-05); codetools 0.2-20(2024-03-31); colorspace 2.1-2(2025-09-22); crayon 1.5.3(2024-06-20); curl 7.0.0(2025-08-19); data.table 1.18.2.1(2026-01-27); DBI 1.3.0(2026-02-25); dbplyr 2.5.2(2026-02-13); decoupleR 2.16.0(2025-10-29); DelayedArray 0.36.1(2026-03-31); dichromat 2.0-0.1(2022-05-02); digest 0.6.39(2025-11-19); dplyr 1.2.1(2026-04-03); e1071 1.7-17(2025-12-18); evaluate 1.0.5(2025-08-27); farver 2.1.2(2024-05-13); fastmap 1.2.0(2024-05-15); filelock 1.0.3(2023-12-11); foreign 0.8-91(2026-01-29); Formula 1.2-5(2023-02-24); fs 2.0.1(2026-03-24); generics 0.1.4(2025-05-09); GenomeInfoDb 1.46.2(2025-12-04); GenomicAlignments 1.46.0(2025-10-29); GenomicFeatures 1.62.0(2025-10-29); GenomicRanges 1.62.1(2025-12-08); ggplot2 4.0.2(2026-02-03); ggrepel 0.9.8(2026-03-17); glue 1.8.0(2024-09-30); gridExtra 2.3(2017-09-09); gsubfn 0.7(2018-03-16); gtable 0.3.6(2024-10-25); Hmisc 5.2-5(2026-01-09); hms 1.1.4(2025-10-17); htmlTable 2.4.3(2024-07-21); htmltools 0.5.9(2025-12-04); htmlwidgets 1.6.4(2023-12-06); httr 1.4.8(2026-02-13); httr2 1.2.2(2025-12-08); igraph 2.2.3(2026-04-07); IRanges 2.44.0(2025-10-29); jsonlite 2.0.0(2025-03-27); KEGGREST 1.50.0(2025-10-29); kernlab 0.9-33(2024-08-13); KernSmooth 2.23-26(2025-01-01); knitr 1.51(2025-12-20); later 1.4.8(2026-03-05); lattice 0.22-9(2026-02-09); lazyeval 0.2.3(2026-04-04); lifecycle 1.0.5(2026-01-08); logger 0.4.1(2025-09-11); lubridate 1.9.5(2026-02-04); magrittr 2.0.5(2026-04-04); MASS 7.3-65(2025-02-28); Matrix 1.7-5(2026-03-21); MatrixGenerics 1.22.0(2025-10-29); matrixStats 1.5.0(2025-01-07); memoise 2.0.1(2021-11-26); mixtools 2.0.0.1(2025-03-08); mygene 1.46.0(2025-10-29); nlme 3.1-169(2026-03-27); nnet 7.3-20(2025-01-01); OmnipathR 3.18.4(2026-01-29); openxlsx 4.2.8.1(2025-10-31); org.Hs.eg.db 3.22.0(2026-03-05); otel 0.2.0(2025-08-29); parallelly 1.46.1(2026-01-08); pheatmap 1.0.13(2025-06-05); pillar 1.11.1(2025-09-17); pkgconfig 2.0.3(2019-09-22); plotly 4.12.0(2026-01-24); plyr 1.8.9(2023-10-02); png 0.1-9(2026-03-15); prettyunits 1.2.0(2023-09-24); progress 1.2.3(2023-12-06); proto 1.0.0(2016-10-29); proxy 0.4-29(2025-12-29); purrr 1.2.2(2026-04-10); R.methodsS3 1.8.2(2022-06-13); R.oo 1.27.1(2025-05-02); R.utils 2.13.0(2025-02-24); R6 2.6.1(2025-02-15); rappdirs 0.3.4(2026-01-17); RColorBrewer 1.1-3(2022-04-03); Rcpp 1.1.1(2026-01-10); RCurl 1.98-1.18(2026-03-21); readr 2.2.0(2026-02-19); readxl 1.4.5(2025-03-07); restfulr 0.0.16(2025-06-27); rjson 0.2.23(2024-09-16); rlang 1.2.0(2026-04-06); rmarkdown 2.31(2026-03-26); rpart 4.1.27(2026-03-27); Rsamtools 2.26.0(2025-10-29); RSQLite 2.4.6(2026-02-06); rstudioapi 0.18.0(2026-01-16); rtracklayer 1.70.1(2025-12-20); rvest 1.0.5(2025-08-29); S4Arrays 1.10.1(2025-12-01); S4Vectors 0.48.1(2026-04-04); S7 0.2.1(2025-11-14); scales 1.4.0(2025-04-24); segmented 2.2-1(2026-01-29); Seqinfo 1.0.0(2025-10-29); sessioninfo 1.2.3(2025-02-05); SparseArray 1.10.10(2026-03-30); sqldf 0.4-12(2026-01-30); stringi 1.8.7(2025-03-27); stringr 1.6.0(2025-11-04); SummarizedExperiment 1.40.0(2025-10-29); survival 3.8-6(2026-01-16); tibble 3.3.1(2026-01-11); tidyr 1.3.2(2025-12-19); tidyselect 1.2.1(2024-03-11); timechange 0.4.0(2026-01-29); txdbmaker 1.6.2(2025-12-09); tzdb 0.5.0(2025-03-15); UCSC.utils 1.6.1(2025-12-09); vctrs 0.7.3(2026-04-11); viper 1.44.0(2025-10-29); viridisLite 0.4.3(2026-02-04); withr 3.0.2(2024-10-28); xfun 0.57(2026-03-20); XML 3.99-0.23(2026-03-20); xml2 1.5.2(2026-01-17); XVector 0.50.0(2025-10-29); yaml 2.3.12(2025-12-10); zip 2.3.3(2025-05-13)
[2026-04-14 14:17:07] [INFO]    [OmnipathR] CURL: version: 8.14.1; headers: 8.14.1; ssl_version: (OpenSSL/3.5.0) Schannel; libz_version: 1.3; libssh_version: libssh2/1.11.0; libidn_version: NA; host: x86_64-w64-mingw32; protocols: dict, file, ftp, ftps, gopher, gophers, http, https, imap, imaps, ldap, ldaps, mqtt, pop3, pop3s, rtsp, scp, sftp, smb, smbs, smtp, smtps, telnet, tftp, ws, wss; ipv6: TRUE; http2: TRUE; idn: TRUE; url_parser: TRUE
[2026-04-14 14:17:07] [TRACE]   [OmnipathR] Reading JSON from `C:/Users/shuye pu/AppData/Local/R/win-library/4.5/OmnipathR/db/db_def.json` (encoding: UTF-8).
[2026-04-14 14:17:07] [TRACE]   [OmnipathR] JSON validation successful: TRUE
[2026-04-14 14:17:07] [TRACE]   [OmnipathR] Reading JSON from `C:/Users/shuye pu/AppData/Local/R/win-library/4.5/OmnipathR/internal/magic_bytes.json` (encoding: UTF-8).
[2026-04-14 14:17:07] [TRACE]   [OmnipathR] JSON validation successful: TRUE
[2026-04-14 14:17:07] [TRACE]   [OmnipathR] Reading JSON from `C:/Users/shuye pu/AppData/Local/R/win-library/4.5/OmnipathR/internal/urls.json` (encoding: UTF-8).
[2026-04-14 14:17:07] [TRACE]   [OmnipathR] JSON validation successful: TRUE
[2026-04-14 14:17:07] [TRACE]   [OmnipathR] Reading JSON from `C:/Users/shuye pu/AppData/Local/R/win-library/4.5/OmnipathR/internal/id_types.json` (encoding: UTF-8).
[2026-04-14 14:17:07] [TRACE]   [OmnipathR] JSON validation successful: TRUE
[2026-04-14 14:17:08] [INFO]    [OmnipathR] Loading database `Ensembl and OMA organism names`.
[2026-04-14 14:17:08] [INFO]    [OmnipathR] Looking up in cache `https://www.ensembl.org/info/about/species.html`: key=7332486db7400730697234bad76ca0c8e4d00799, latest version=1.
[2026-04-14 14:17:08] [TRACE]   [OmnipathR] Cache file path: C:\Users\SHUYEP~1\AppData\Local\Cache\OmnipathR/7332486db7400730697234bad76ca0c8e4d00799-1.html
[2026-04-14 14:17:08] [TRACE]   [OmnipathR] Downloading by `generic_downloader`.
[2026-04-14 14:17:08] [TRACE]   [OmnipathR] Looking up in cache: `https://omabrowser.org/All/oma-species.txt`.
[2026-04-14 14:17:08] [TRACE]   [OmnipathR] Loaded data from RDS `C:\Users\SHUYEP~1\AppData\Local\Cache\OmnipathR/30e690cbb55dfc63b5903ab337f34ffc2f4be397-1.rds`.
[2026-04-14 14:17:08] [TRACE]   [OmnipathR] Downloading by `generic_downloader`.
[2026-04-14 14:17:08] [TRACE]   [OmnipathR] Looking up in cache: `https://ftp.expasy.org/databases/uniprot/current_release/knowledgebase/complete/docs/speclist.txt`.
[2026-04-14 14:17:08] [TRACE]   [OmnipathR] Loaded data from RDS `C:\Users\shuye pu\AppData\Local\Cache\OmnipathR/56ad6544dc07a2222fa6013d8d83e6e5a35fdf33-1.rds`.
[2026-04-14 14:17:08] [INFO]    [OmnipathR] Loaded database `Ensembl and OMA organism names`.
[2026-04-14 14:17:08] [TRACE]   [OmnipathR] Processing args for OmniPath query
[2026-04-14 14:17:08] [TRACE]   [OmnipathR] Arguments for OmniPath query: [loops=TRUE,organisms=9606,genesymbols=TRUE,query_type=interactions,datasets=collectri]
[2026-04-14 14:17:08] [TRACE]   [OmnipathR] Organism(s): 9606
[2026-04-14 14:17:08] [TRACE]   [OmnipathR] Orthology targets: 
[2026-04-14 14:17:08] [TRACE]   [OmnipathR] Looking up in cache: `https://omnipathdb.org/interactions?genesymbols=yes&datasets=collectri&organisms=9606&fields=sources,references,curation_effort&loops=yes&license=academic`
[2026-04-14 14:17:08] [TRACE]   [OmnipathR] Loaded data from RDS `C:\Users\SHUYEP~1\AppData\Local\Cache\OmnipathR/b10176737ba43d460b13709623189f3911123779-1.rds`.
[2026-04-14 14:17:08] [INFO]    [OmnipathR] Loaded from cache: `https://omnipathdb.org/interactions?genesymbols=yes&datasets=collectri&organisms=9606&fields=sources,references,curation_effort&loops=yes&license=academic`
[2026-04-14 14:17:09] [SUCCESS] [OmnipathR] Loaded 64958 interactions from cache.
[2026-04-14 14:17:09] [TRACE]   [OmnipathR] Processing args for OmniPath query
[2026-04-14 14:17:09] [TRACE]   [OmnipathR] Arguments for OmniPath query: [genesymbols=TRUE,resources=CollecTRI,strict_evidences=TRUE,query_type=interactions,datasets=tf_mirna]
[2026-04-14 14:17:09] [TRACE]   [OmnipathR] Organism(s): 9606
[2026-04-14 14:17:09] [TRACE]   [OmnipathR] Orthology targets: 
[2026-04-14 14:17:09] [TRACE]   [OmnipathR] Reading JSON from `https://omnipathdb.org/resources` (encoding: UTF-8).
[2026-04-14 14:17:10] [TRACE]   [OmnipathR] JSON validation successful: TRUE
[2026-04-14 14:17:11] [TRACE]   [OmnipathR] Looking up in cache: `https://omnipathdb.org/interactions?genesymbols=yes&resources=CollecTRI&datasets=tf_mirna&organisms=9606&fields=evidences,sources,references,curation_effort&license=academic`
[2026-04-14 14:17:11] [TRACE]   [OmnipathR] Loaded data from RDS `C:\Users\SHUYEP~1\AppData\Local\Cache\OmnipathR/f7d34500401ba98803b7d2b26c48f64cee1eea1b-1.rds`.
[2026-04-14 14:17:11] [INFO]    [OmnipathR] Loaded from cache: `https://omnipathdb.org/interactions?genesymbols=yes&resources=CollecTRI&datasets=tf_mirna&organisms=9606&fields=evidences,sources,references,curation_effort&license=academic`
[2026-04-14 14:17:11] [TRACE]   [OmnipathR] Converting JSON column `evidences` to list.
[2026-04-14 14:17:11] [TRACE]   [OmnipathR] Restricting interaction records to datasets: tf_mirna; and resources: CollecTRI
[2026-04-14 14:17:11] [TRACE]   [OmnipathR] Filtering evidence columns: positive, negative, directed, undirected; to datasets: tf_mirna; and resources: CollecTRI; excluding resources: none
[2026-04-14 14:17:11] [SUCCESS] [OmnipathR] Loaded 232 interactions from cache.
[2026-04-14 14:18:25] [TRACE]   [OmnipathR] Processing args for OmniPath query
[2026-04-14 14:18:25] [TRACE]   [OmnipathR] Arguments for OmniPath query: [loops=TRUE,organisms=9606,genesymbols=TRUE,query_type=interactions,datasets=collectri]
[2026-04-14 14:18:25] [TRACE]   [OmnipathR] Organism(s): 9606
[2026-04-14 14:18:25] [TRACE]   [OmnipathR] Orthology targets: 
[2026-04-14 14:18:25] [TRACE]   [OmnipathR] Looking up in cache: `https://omnipathdb.org/interactions?genesymbols=yes&datasets=collectri&organisms=9606&fields=sources,references,curation_effort&loops=yes&license=academic`
[2026-04-14 14:18:25] [TRACE]   [OmnipathR] Loaded data from RDS `C:\Users\SHUYEP~1\AppData\Local\Cache\OmnipathR/b10176737ba43d460b13709623189f3911123779-1.rds`.
[2026-04-14 14:18:25] [INFO]    [OmnipathR] Loaded from cache: `https://omnipathdb.org/interactions?genesymbols=yes&datasets=collectri&organisms=9606&fields=sources,references,curation_effort&loops=yes&license=academic`
[2026-04-14 14:18:25] [SUCCESS] [OmnipathR] Loaded 64958 interactions from cache.
[2026-04-14 14:18:25] [TRACE]   [OmnipathR] Processing args for OmniPath query
[2026-04-14 14:18:25] [TRACE]   [OmnipathR] Arguments for OmniPath query: [genesymbols=TRUE,resources=CollecTRI,strict_evidences=TRUE,query_type=interactions,datasets=tf_mirna]
[2026-04-14 14:18:26] [TRACE]   [OmnipathR] Organism(s): 9606
[2026-04-14 14:18:26] [TRACE]   [OmnipathR] Orthology targets: 
[2026-04-14 14:18:26] [TRACE]   [OmnipathR] Reading JSON from `https://omnipathdb.org/resources` (encoding: UTF-8).
[2026-04-14 14:18:26] [TRACE]   [OmnipathR] JSON validation successful: TRUE
[2026-04-14 14:18:26] [TRACE]   [OmnipathR] Looking up in cache: `https://omnipathdb.org/interactions?genesymbols=yes&resources=CollecTRI&datasets=tf_mirna&organisms=9606&fields=evidences,sources,references,curation_effort&license=academic`
[2026-04-14 14:18:26] [TRACE]   [OmnipathR] Loaded data from RDS `C:\Users\SHUYEP~1\AppData\Local\Cache\OmnipathR/f7d34500401ba98803b7d2b26c48f64cee1eea1b-1.rds`.
[2026-04-14 14:18:26] [INFO]    [OmnipathR] Loaded from cache: `https://omnipathdb.org/interactions?genesymbols=yes&resources=CollecTRI&datasets=tf_mirna&organisms=9606&fields=evidences,sources,references,curation_effort&license=academic`
[2026-04-14 14:18:26] [TRACE]   [OmnipathR] Converting JSON column `evidences` to list.
[2026-04-14 14:18:26] [TRACE]   [OmnipathR] Restricting interaction records to datasets: tf_mirna; and resources: CollecTRI
[2026-04-14 14:18:26] [TRACE]   [OmnipathR] Filtering evidence columns: positive, negative, directed, undirected; to datasets: tf_mirna; and resources: CollecTRI; excluding resources: none
[2026-04-14 14:18:26] [SUCCESS] [OmnipathR] Loaded 232 interactions from cache.
[2026-04-15 11:35:27] [TRACE]   [OmnipathR] Processing args for OmniPath query
[2026-04-15 11:35:27] [TRACE]   [OmnipathR] Arguments for OmniPath query: [loops=TRUE,organisms=9606,genesymbols=TRUE,query_type=interactions,datasets=collectri]
[2026-04-15 11:35:27] [TRACE]   [OmnipathR] Organism(s): 9606
[2026-04-15 11:35:27] [TRACE]   [OmnipathR] Orthology targets: 
[2026-04-15 11:35:27] [TRACE]   [OmnipathR] Looking up in cache: `https://omnipathdb.org/interactions?genesymbols=yes&datasets=collectri&organisms=9606&fields=sources,references,curation_effort&loops=yes&license=academic`
[2026-04-15 11:35:27] [TRACE]   [OmnipathR] Loaded data from RDS `C:\Users\SHUYEP~1\AppData\Local\Cache\OmnipathR/b10176737ba43d460b13709623189f3911123779-1.rds`.
[2026-04-15 11:35:27] [INFO]    [OmnipathR] Loaded from cache: `https://omnipathdb.org/interactions?genesymbols=yes&datasets=collectri&organisms=9606&fields=sources,references,curation_effort&loops=yes&license=academic`
[2026-04-15 11:35:29] [SUCCESS] [OmnipathR] Loaded 64958 interactions from cache.
[2026-04-15 11:35:29] [TRACE]   [OmnipathR] Processing args for OmniPath query
[2026-04-15 11:35:29] [TRACE]   [OmnipathR] Arguments for OmniPath query: [genesymbols=TRUE,resources=CollecTRI,strict_evidences=TRUE,query_type=interactions,datasets=tf_mirna]
[2026-04-15 11:35:29] [TRACE]   [OmnipathR] Organism(s): 9606
[2026-04-15 11:35:29] [TRACE]   [OmnipathR] Orthology targets: 
[2026-04-15 11:35:29] [TRACE]   [OmnipathR] Reading JSON from `https://omnipathdb.org/resources` (encoding: UTF-8).
[2026-04-15 11:35:29] [TRACE]   [OmnipathR] JSON validation successful: TRUE
[2026-04-15 11:35:29] [TRACE]   [OmnipathR] Looking up in cache: `https://omnipathdb.org/interactions?genesymbols=yes&resources=CollecTRI&datasets=tf_mirna&organisms=9606&fields=evidences,sources,references,curation_effort&license=academic`
[2026-04-15 11:35:29] [TRACE]   [OmnipathR] Loaded data from RDS `C:\Users\SHUYEP~1\AppData\Local\Cache\OmnipathR/f7d34500401ba98803b7d2b26c48f64cee1eea1b-1.rds`.
[2026-04-15 11:35:29] [INFO]    [OmnipathR] Loaded from cache: `https://omnipathdb.org/interactions?genesymbols=yes&resources=CollecTRI&datasets=tf_mirna&organisms=9606&fields=evidences,sources,references,curation_effort&license=academic`
[2026-04-15 11:35:29] [TRACE]   [OmnipathR] Converting JSON column `evidences` to list.
[2026-04-15 11:35:29] [TRACE]   [OmnipathR] Restricting interaction records to datasets: tf_mirna; and resources: CollecTRI
[2026-04-15 11:35:29] [TRACE]   [OmnipathR] Filtering evidence columns: positive, negative, directed, undirected; to datasets: tf_mirna; and resources: CollecTRI; excluding resources: none
[2026-04-15 11:35:30] [SUCCESS] [OmnipathR] Loaded 232 interactions from cache.
[2026-04-15 14:15:05] [TRACE]   [OmnipathR] Processing args for OmniPath query
[2026-04-15 14:15:05] [TRACE]   [OmnipathR] Arguments for OmniPath query: [loops=TRUE,organisms=9606,genesymbols=TRUE,query_type=interactions,datasets=collectri]
[2026-04-15 14:15:05] [TRACE]   [OmnipathR] Organism(s): 9606
[2026-04-15 14:15:05] [TRACE]   [OmnipathR] Orthology targets: 
[2026-04-15 14:15:05] [TRACE]   [OmnipathR] Looking up in cache: `https://omnipathdb.org/interactions?genesymbols=yes&datasets=collectri&organisms=9606&fields=sources,references,curation_effort&loops=yes&license=academic`
[2026-04-15 14:15:05] [TRACE]   [OmnipathR] Loaded data from RDS `C:\Users\SHUYEP~1\AppData\Local\Cache\OmnipathR/b10176737ba43d460b13709623189f3911123779-1.rds`.
[2026-04-15 14:15:05] [INFO]    [OmnipathR] Loaded from cache: `https://omnipathdb.org/interactions?genesymbols=yes&datasets=collectri&organisms=9606&fields=sources,references,curation_effort&loops=yes&license=academic`
[2026-04-15 14:15:06] [SUCCESS] [OmnipathR] Loaded 64958 interactions from cache.
[2026-04-15 14:15:06] [TRACE]   [OmnipathR] Processing args for OmniPath query
[2026-04-15 14:15:06] [TRACE]   [OmnipathR] Arguments for OmniPath query: [genesymbols=TRUE,resources=CollecTRI,strict_evidences=TRUE,query_type=interactions,datasets=tf_mirna]
[2026-04-15 14:15:06] [TRACE]   [OmnipathR] Organism(s): 9606
[2026-04-15 14:15:06] [TRACE]   [OmnipathR] Orthology targets: 
[2026-04-15 14:15:06] [TRACE]   [OmnipathR] Reading JSON from `https://omnipathdb.org/resources` (encoding: UTF-8).
[2026-04-15 14:15:07] [TRACE]   [OmnipathR] JSON validation successful: TRUE
[2026-04-15 14:15:07] [TRACE]   [OmnipathR] Looking up in cache: `https://omnipathdb.org/interactions?genesymbols=yes&resources=CollecTRI&datasets=tf_mirna&organisms=9606&fields=evidences,sources,references,curation_effort&license=academic`
[2026-04-15 14:15:07] [TRACE]   [OmnipathR] Loaded data from RDS `C:\Users\SHUYEP~1\AppData\Local\Cache\OmnipathR/f7d34500401ba98803b7d2b26c48f64cee1eea1b-1.rds`.
[2026-04-15 14:15:07] [INFO]    [OmnipathR] Loaded from cache: `https://omnipathdb.org/interactions?genesymbols=yes&resources=CollecTRI&datasets=tf_mirna&organisms=9606&fields=evidences,sources,references,curation_effort&license=academic`
[2026-04-15 14:15:07] [TRACE]   [OmnipathR] Converting JSON column `evidences` to list.
[2026-04-15 14:15:07] [TRACE]   [OmnipathR] Restricting interaction records to datasets: tf_mirna; and resources: CollecTRI
[2026-04-15 14:15:07] [TRACE]   [OmnipathR] Filtering evidence columns: positive, negative, directed, undirected; to datasets: tf_mirna; and resources: CollecTRI; excluding resources: none
[2026-04-15 14:15:07] [SUCCESS] [OmnipathR] Loaded 232 interactions from cache.
